../Drivers/CMSIS/Include/core_cm7.h:2147:34:__NVIC_SystemReset	4	static,ignoring_inline_asm
../Core/Src/main.c:101:5:__io_putchar	16	static
../Core/Src/main.c:108:6:HAL_UART_RxCpltCallback	24	static,ignoring_inline_asm
../Core/Src/main.c:121:5:fonction	24	static
../Core/Src/main.c:134:5:led	16	static
../Core/Src/main.c:168:6:task_shell	16	static
../Core/Src/main.c:182:6:configureTimerForRunTimeStats	8	static
../Core/Src/main.c:188:15:getRunTimeCounterValue	4	static
../Core/Src/main.c:199:5:main	24	static,ignoring_inline_asm
../Core/Src/main.c:296:6:SystemClock_Config	88	static
../Core/Src/main.c:345:6:codeLED_Toggle	16	static
../Core/Src/main.c:360:6:bidon1	16	static
../Core/Src/main.c:369:6:bidon2	16	static
../Core/Src/main.c:376:6:codeTaskGiveNotif	24	static
../Core/Src/main.c:388:6:codeTaskTakeNotif	24	static
../Core/Src/main.c:406:6:codeTaskGiveQueue	24	static
../Core/Src/main.c:422:6:codeTaskTakeQueue	520	static
../Core/Src/main.c:444:6:HAL_GPIO_EXTI_Callback	16	static
../Core/Src/main.c:472:6:HAL_TIM_PeriodElapsedCallback	16	static
../Core/Src/main.c:489:6:Error_Handler	4	static,ignoring_inline_asm
